02:24:07 **** Incremental Build of configuration Debug for project CMSIS_CORE_LPC8xx ****
make -r all 
make: Nothing to be done for `all'.
02:24:08 **** Incremental Build of configuration Debug for project LEDBlink ****
make -r all 
Building target: LEDBlink.axf
Invoking: MCU Linker
arm-none-eabi-gcc -nostdlib -L"C:\Users\bacch\OneDrive\ESE\05\CMSIS_CORE_LPC8xx\Debug" -Xlinker -Map="LEDBlink.map" -Xlinker --gc-sections -Xlinker -print-memory-usage -mcpu=cortex-m0 -mthumb -T "LEDBlink_Debug.ld" -o "LEDBlink.axf"  ./src/LEDBlink.o ./src/cr_startup_lpc8xx.o ./src/swm.o   -lCMSIS_CORE_LPC8xx
Memory region         Used Size  Region Size  %age Used
         MFlash4:         712 B         4 KB     17.38%
         RamLoc1:           4 B         1 KB      0.39%
Finished building target: LEDBlink.axf
 
make --no-print-directory post-build
Performing post-build steps
arm-none-eabi-size "LEDBlink.axf" ; arm-none-eabi-objcopy -v -O ihex "LEDBlink.axf" "LEDBlink.hex"
   text	   data	    bss	    dec	    hex	filename
    712	      0	      4	    716	    2cc	LEDBlink.axf
copy from `LEDBlink.axf' [elf32-littlearm] to `LEDBlink.hex' [ihex]
 
