10:20:14 **** Build of configuration Debug for project LEDBlink2 ****
make -r all 
Building file: ../src/LEDBlink2.c
Invoking: MCU C Compiler
arm-none-eabi-gcc -DDEBUG -D__CODE_RED -DCORE_M0PLUS -D__MTB_DISABLE -D__MTB_BUFFER_SIZE=256 -D__USE_CMSIS=CMSIS_CORE_LPC8xx -D__LPC8XX__ -D__REDLIB__ -I"C:\Users\bacch\OneDrive\ESE\05\CMSIS_CORE_LPC8xx\inc" -O0 -fno-common -g3 -Wall -c -fmessage-length=0 -fno-builtin -ffunction-sections -fdata-sections -mcpu=cortex-m0 -mthumb -specs=redlib.specs -MMD -MP -MF"src/LEDBlink2.d" -MT"src/LEDBlink2.o" -MT"src/LEDBlink2.d" -o "src/LEDBlink2.o" "../src/LEDBlink2.c"
Finished building: ../src/LEDBlink2.c
 
Building file: ../src/cr_startup_lpc8xx.c
Invoking: MCU C Compiler
arm-none-eabi-gcc -DDEBUG -D__CODE_RED -DCORE_M0PLUS -D__MTB_DISABLE -D__MTB_BUFFER_SIZE=256 -D__USE_CMSIS=CMSIS_CORE_LPC8xx -D__LPC8XX__ -D__REDLIB__ -I"C:\Users\bacch\OneDrive\ESE\05\CMSIS_CORE_LPC8xx\inc" -O0 -fno-common -g3 -Wall -c -fmessage-length=0 -fno-builtin -ffunction-sections -fdata-sections -mcpu=cortex-m0 -mthumb -specs=redlib.specs -MMD -MP -MF"src/cr_startup_lpc8xx.d" -MT"src/cr_startup_lpc8xx.o" -MT"src/cr_startup_lpc8xx.d" -o "src/cr_startup_lpc8xx.o" "../src/cr_startup_lpc8xx.c"
Finished building: ../src/cr_startup_lpc8xx.c
 
Building file: ../src/swm.c
Invoking: MCU C Compiler
arm-none-eabi-gcc -DDEBUG -D__CODE_RED -DCORE_M0PLUS -D__MTB_DISABLE -D__MTB_BUFFER_SIZE=256 -D__USE_CMSIS=CMSIS_CORE_LPC8xx -D__LPC8XX__ -D__REDLIB__ -I"C:\Users\bacch\OneDrive\ESE\05\CMSIS_CORE_LPC8xx\inc" -O0 -fno-common -g3 -Wall -c -fmessage-length=0 -fno-builtin -ffunction-sections -fdata-sections -mcpu=cortex-m0 -mthumb -specs=redlib.specs -MMD -MP -MF"src/swm.d" -MT"src/swm.o" -MT"src/swm.d" -o "src/swm.o" "../src/swm.c"
Finished building: ../src/swm.c
 
Building target: LEDBlink2.axf
Invoking: MCU Linker
arm-none-eabi-gcc -nostdlib -L"C:\Users\bacch\OneDrive\ESE\05\CMSIS_CORE_LPC8xx\Debug" -Xlinker -Map="LEDBlink2.map" -Xlinker --gc-sections -Xlinker -print-memory-usage -mcpu=cortex-m0 -mthumb -T "LEDBlink2_Debug.ld" -o "LEDBlink2.axf"  ./src/LEDBlink2.o ./src/cr_startup_lpc8xx.o ./src/swm.o   -lCMSIS_CORE_LPC8xx
Memory region         Used Size  Region Size  %age Used
         MFlash4:         712 B         4 KB     17.38%
         RamLoc1:           4 B         1 KB      0.39%
Finished building target: LEDBlink2.axf
 
make --no-print-directory post-build
Performing post-build steps
arm-none-eabi-size "LEDBlink2.axf"; # arm-none-eabi-objcopy -v -O binary "LEDBlink2.axf" "LEDBlink2.bin" ; # checksum -p LPC810 -d "LEDBlink2.bin";
   text	   data	    bss	    dec	    hex	filename
    712	      0	      4	    716	    2cc	LEDBlink2.axf
 

10:20:16 Build Finished (took 1s.548ms)

